{
    "-profile test_assembly_no_coverage_paired_reads": {
        "content": [
            5,
            {
                "Workflow": {
                    "nf-core/seqsubmit": "v1.0.0dev"
                }
            },
            [
                "metagenomic_assemblies",
                "metagenomic_assemblies/no_coverage_paired_reads",
                "metagenomic_assemblies/no_coverage_paired_reads/coverage",
                "metagenomic_assemblies/no_coverage_paired_reads/coverage/no_coverage_paired_reads.depth.txt",
                "metagenomic_assemblies/no_coverage_paired_reads/upload",
                "metagenomic_assemblies/no_coverage_paired_reads/upload/webin_cli",
                "metagenomic_assemblies/no_coverage_paired_reads/upload/webin_cli/no_coverage_paired_reads_accessions.tsv",
                "metagenomic_assemblies/no_coverage_paired_reads_assembly_metadata.csv",
                "pipeline_info",
                "pipeline_info/nf_core_seqsubmit_software_mqc_versions.yml"
            ],
            [
                "no_coverage_paired_reads.depth.txt:md5,bb5f99e74d21df3c73e0ae0f388bcbcb",
                "no_coverage_paired_reads_assembly_metadata.csv:md5,91a2616ccedc6bb93c2209153bec50f0"
            ]
        ],
        "meta": {
            "nf-test": "0.9.0",
            "nextflow": "25.04.1"
        },
        "timestamp": "2026-03-20T15:13:14.194671"
    }
}