{
    "-profile test_assembly_no_study_complete_metadata": {
        "content": [
            8,
            {
                "CONCAT_ACCESSIONS": {
                    "coreutils": 9.4,
                    "find": "4.6.0",
                    "pigz": 2.8
                },
                "CONCAT_METADATA": {
                    "coreutils": 9.4,
                    "find": "4.6.0",
                    "pigz": 2.8
                },
                "CREATE_ASSEMBLY_METADATA_CSV": {
                    "bash": "5.2.37(1)-release"
                },
                "FASTAVALIDATOR": {
                    "py_fasta_validator": 0.6
                },
                "GENERATE_ASSEMBLY_MANIFEST": {
                    "assembly_uploader": "1.3.4"
                },
                "REGISTERSTUDY": {
                    "mgnify-pipelines-toolkit": "1.4.21"
                },
                "SUBMIT": {
                    "ena-webin-cli": "9.0.3",
                    "mgnify-pipelines-toolkit": "1.4.24",
                    "python": "3.11.15"
                },
                "Workflow": {
                    "nf-core/seqsubmit": "v1.0.0dev"
                }
            },
            [
                "metagenomic_assemblies",
                "metagenomic_assemblies/complete_metadata",
                "metagenomic_assemblies/complete_metadata/upload",
                "metagenomic_assemblies/complete_metadata/upload/webin_cli",
                "metagenomic_assemblies/complete_metadata/upload/webin_cli/complete_metadata_accessions.tsv",
                "metagenomic_assemblies/upload",
                "metagenomic_assemblies/upload/assemblies_accessions.tsv",
                "metagenomic_assemblies/upload/assemblies_metadata.csv",
                "multiqc",
                "multiqc/multiqc_data",
                "multiqc/multiqc_data/llms-full.txt",
                "multiqc/multiqc_data/multiqc.log",
                "multiqc/multiqc_data/multiqc.parquet",
                "multiqc/multiqc_data/multiqc_Assemblies assigned accessions.txt",
                "multiqc/multiqc_data/multiqc_assembly_metadata.txt",
                "multiqc/multiqc_data/multiqc_citations.txt",
                "multiqc/multiqc_data/multiqc_data.json",
                "multiqc/multiqc_data/multiqc_software_versions.txt",
                "multiqc/multiqc_data/multiqc_sources.txt",
                "multiqc/multiqc_plots",
                "multiqc/multiqc_plots/pdf",
                "multiqc/multiqc_plots/pdf/Assemblies assigned accessions.pdf",
                "multiqc/multiqc_plots/pdf/assembly_metadata.pdf",
                "multiqc/multiqc_plots/png",
                "multiqc/multiqc_plots/png/Assemblies assigned accessions.png",
                "multiqc/multiqc_plots/png/assembly_metadata.png",
                "multiqc/multiqc_plots/svg",
                "multiqc/multiqc_plots/svg/Assemblies assigned accessions.svg",
                "multiqc/multiqc_plots/svg/assembly_metadata.svg",
                "multiqc/multiqc_report.html",
                "pipeline_info",
                "pipeline_info/nf_core_seqsubmit_software_mqc_versions.yml"
            ],
            [
                "assemblies_accessions.tsv:md5,133f130f6508dc81d9a044084ca4fd82",
                "assemblies_metadata.csv:md5,8e4479dcf7b71a1e250789cd63bf0a6e",
                "multiqc_Assemblies assigned accessions.txt:md5,dcd5eb0b3a929d276b5c5b18eef3ceb3",
                "multiqc_assembly_metadata.txt:md5,18cd85bcbc295ab895d2568330fc7854",
                "multiqc_citations.txt:md5,4c806e63a283ec1b7e78cdae3a923d4f"
            ]
        ],
        "meta": {
            "nf-test": "0.9.3",
            "nextflow": "25.10.0"
        },
        "timestamp": "2026-05-05T20:41:04.178285"
    }
}