{
    "-profile test_assembly_no_coverage_single_reads": {
        "content": [
            6,
            {
                "Workflow": {
                    "nf-core/seqsubmit": "v1.0.0dev"
                }
            },
            [
                "metagenomic_assemblies",
                "metagenomic_assemblies/no_coverage_single_reads",
                "metagenomic_assemblies/no_coverage_single_reads/coverage",
                "metagenomic_assemblies/no_coverage_single_reads/coverage/no_coverage_single_reads.depth.txt",
                "metagenomic_assemblies/no_coverage_single_reads/upload",
                "metagenomic_assemblies/no_coverage_single_reads/upload/webin_cli",
                "metagenomic_assemblies/no_coverage_single_reads/upload/webin_cli/no_coverage_single_reads_accessions.tsv",
                "metagenomic_assemblies/no_coverage_single_reads_assembly_metadata.csv",
                "multiqc",
                "multiqc/multiqc_data",
                "multiqc/multiqc_data/multiqc.log",
                "multiqc/multiqc_data/multiqc_citations.txt",
                "multiqc/multiqc_data/multiqc_data.json",
                "multiqc/multiqc_data/multiqc_software_versions.txt",
                "multiqc/multiqc_data/multiqc_sources.txt",
                "multiqc/multiqc_report.html",
                "pipeline_info",
                "pipeline_info/nf_core_seqsubmit_software_mqc_versions.yml"
            ],
            [
                "no_coverage_single_reads.depth.txt:md5,bd88282b17e851377b1dd223839be150",
                "no_coverage_single_reads_assembly_metadata.csv:md5,fc1beef7e8439eaf5329e02587460009",
                "multiqc_citations.txt:md5,4c806e63a283ec1b7e78cdae3a923d4f"
            ]
        ],
        "meta": {
            "nf-test": "0.9.0",
            "nextflow": "25.04.1"
        },
        "timestamp": "2026-03-27T12:18:28.483809"
    }
}