{
    "-profile test_assembly_no_coverage_paired_reads": {
        "content": [
            8,
            {
                "CONCAT_ACCESSIONS": {
                    "coreutils": 9.4,
                    "find": "4.6.0",
                    "pigz": 2.8
                },
                "CONCAT_METADATA": {
                    "coreutils": 9.4,
                    "find": "4.6.0",
                    "pigz": 2.8
                },
                "COVERM_CONTIG": {
                    "coverm": "0.7.0"
                },
                "CREATE_ASSEMBLY_METADATA_CSV": {
                    "bash": "5.2.37(1)-release"
                },
                "FASTAVALIDATOR": {
                    "py_fasta_validator": 0.6
                },
                "GENERATE_ASSEMBLY_MANIFEST": {
                    "assembly_uploader": "1.3.4"
                },
                "SUBMIT": {
                    "ena-webin-cli": "9.0.3",
                    "mgnify-pipelines-toolkit": "1.4.24",
                    "python": "3.11.15"
                },
                "Workflow": {
                    "nf-core/seqsubmit": "v1.0.0dev"
                }
            },
            [
                "metagenomic_assemblies",
                "metagenomic_assemblies/no_coverage_paired_reads",
                "metagenomic_assemblies/no_coverage_paired_reads/coverage",
                "metagenomic_assemblies/no_coverage_paired_reads/coverage/no_coverage_paired_reads.depth.txt",
                "metagenomic_assemblies/no_coverage_paired_reads/upload",
                "metagenomic_assemblies/no_coverage_paired_reads/upload/webin_cli",
                "metagenomic_assemblies/no_coverage_paired_reads/upload/webin_cli/no_coverage_paired_reads_accessions.tsv",
                "metagenomic_assemblies/upload",
                "metagenomic_assemblies/upload/assemblies_accessions.tsv",
                "metagenomic_assemblies/upload/assemblies_metadata.csv",
                "multiqc",
                "multiqc/multiqc_data",
                "multiqc/multiqc_data/llms-full.txt",
                "multiqc/multiqc_data/multiqc.log",
                "multiqc/multiqc_data/multiqc.parquet",
                "multiqc/multiqc_data/multiqc_Assemblies assigned accessions.txt",
                "multiqc/multiqc_data/multiqc_assembly_metadata.txt",
                "multiqc/multiqc_data/multiqc_citations.txt",
                "multiqc/multiqc_data/multiqc_data.json",
                "multiqc/multiqc_data/multiqc_software_versions.txt",
                "multiqc/multiqc_data/multiqc_sources.txt",
                "multiqc/multiqc_plots",
                "multiqc/multiqc_plots/pdf",
                "multiqc/multiqc_plots/pdf/Assemblies assigned accessions.pdf",
                "multiqc/multiqc_plots/pdf/assembly_metadata.pdf",
                "multiqc/multiqc_plots/png",
                "multiqc/multiqc_plots/png/Assemblies assigned accessions.png",
                "multiqc/multiqc_plots/png/assembly_metadata.png",
                "multiqc/multiqc_plots/svg",
                "multiqc/multiqc_plots/svg/Assemblies assigned accessions.svg",
                "multiqc/multiqc_plots/svg/assembly_metadata.svg",
                "multiqc/multiqc_report.html",
                "pipeline_info",
                "pipeline_info/nf_core_seqsubmit_software_mqc_versions.yml"
            ],
            [
                "no_coverage_paired_reads.depth.txt:md5,bb5f99e74d21df3c73e0ae0f388bcbcb",
                "assemblies_metadata.csv:md5,60706c21c030ba38af7a402f5e753fd5",
                "multiqc_assembly_metadata.txt:md5,9ae2665c6c7b648797758ee66d42ce62",
                "multiqc_citations.txt:md5,4c806e63a283ec1b7e78cdae3a923d4f"
            ]
        ],
        "meta": {
            "nf-test": "0.9.3",
            "nextflow": "25.10.0"
        },
        "timestamp": "2026-05-06T13:13:38.138649"
    }
}