{
    "-profile test_assembly_complete_metadata": {
        "content": [
            5,
            {
                "Workflow": {
                    "nf-core/seqsubmit": "v1.0.0dev"
                }
            },
            [
                "metagenomic_assemblies",
                "metagenomic_assemblies/complete_metadata",
                "metagenomic_assemblies/complete_metadata/upload",
                "metagenomic_assemblies/complete_metadata/upload/webin_cli",
                "metagenomic_assemblies/complete_metadata/upload/webin_cli/complete_metadata_accessions.tsv",
                "metagenomic_assemblies/complete_metadata_assembly_metadata.csv",
                "metagenomic_assemblies/multiqc",
                "metagenomic_assemblies/multiqc/multiqc_data",
                "metagenomic_assemblies/multiqc/multiqc_data/multiqc.log",
                "metagenomic_assemblies/multiqc/multiqc_data/multiqc_citations.txt",
                "metagenomic_assemblies/multiqc/multiqc_data/multiqc_data.json",
                "metagenomic_assemblies/multiqc/multiqc_data/multiqc_software_versions.txt",
                "metagenomic_assemblies/multiqc/multiqc_data/multiqc_sources.txt",
                "metagenomic_assemblies/multiqc/multiqc_report.html",
                "pipeline_info",
                "pipeline_info/nf_core_seqsubmit_software_mqc_versions.yml"
            ],
            [
                "complete_metadata_assembly_metadata.csv:md5,d5b1575095ece78d988395b874440bef",
                "multiqc.log:md5,116b00d7c9902649a7600d4d3bf6d978",
                "multiqc_citations.txt:md5,4c806e63a283ec1b7e78cdae3a923d4f",
                "multiqc_data.json:md5,cc2c7f72ffa5687ac3462f39cf527a1e",
                "multiqc_software_versions.txt:md5,57fdf3fb8ab5ca39ae384d3cf1ae9e58",
                "multiqc_sources.txt:md5,d2a044df39ce3c6abe5cdc2d67473490",
                "multiqc_report.html:md5,d9ee69a0934f1cfdec20d02c7c57a5b5"
            ]
        ],
        "meta": {
            "nf-test": "0.9.0",
            "nextflow": "25.04.1"
        },
        "timestamp": "2026-03-25T16:05:23.60975"
    }
}