{
    "COUNT_RNA completes with expected outputs": {
        "content": [
            [
                [
                    {
                        "id": "test"
                    },
                    "test_rna_decision.tsv:md5,8162813732f3a353edb6fc3e37e950e1"
                ]
            ]
        ],
        "timestamp": "2026-06-25T21:38:21.745168",
        "meta": {
            "nf-test": "0.9.5",
            "nextflow": "26.04.0"
        }
    },
    "COUNT_RNA completes with expected outputs - stub": {
        "content": [
            [
                [
                    {
                        "id": "test"
                    },
                    "test_rna_decision.tsv:md5,cf8ebf06bf0641ceec14c8b034c639af"
                ]
            ]
        ],
        "timestamp": "2026-06-25T21:38:27.45503",
        "meta": {
            "nf-test": "0.9.5",
            "nextflow": "26.04.0"
        }
    }
}