{
    "COUNT_RNA completes with expected outputs": {
        "content": [
            [
                [
                    {
                        "id": "test"
                    },
                    "test_rna_decision.tsv:md5,b760b5d61d0c140d55e97a2fd6c25471"
                ]
            ]
        ],
        "timestamp": "2026-07-22T17:43:41.374272",
        "meta": {
            "nf-test": "0.9.5",
            "nextflow": "26.04.0"
        }
    },
    "COUNT_RNA completes with expected outputs - stub": {
        "content": [
            [
                [
                    {
                        "id": "test"
                    },
                    "test_rna_decision.tsv:md5,d41d8cd98f00b204e9800998ecf8427e"
                ]
            ]
        ],
        "timestamp": "2026-07-01T18:37:30.337186",
        "meta": {
            "nf-test": "0.9.5",
            "nextflow": "26.04.1"
        }
    }
}