{
    "submit_rawreads_study - stub": {
        "content": [
            {
                "0": [
                    [
                        {
                            "id": "example_study"
                        },
                        "example_study_accessions.json:md5,e43f257b8a1ffb551bf993867c5f1d7f"
                    ]
                ],
                "1": [
                    "versions.yml:md5,d7080ded74f0381019a674b865daa329"
                ],
                "accessions": [
                    [
                        {
                            "id": "example_study"
                        },
                        "example_study_accessions.json:md5,e43f257b8a1ffb551bf993867c5f1d7f"
                    ]
                ],
                "versions": [
                    "versions.yml:md5,d7080ded74f0381019a674b865daa329"
                ]
            }
        ],
        "timestamp": "2026-03-12T11:57:10.234715",
        "meta": {
            "nf-test": "0.9.4",
            "nextflow": "25.10.4"
        }
    }
}