{
    "test_create_assembly_metadata_csv": {
        "content": [
            {
                "0": [
                    [
                        {
                            "id": "test_sample",
                            "run_accession": "ERR123456",
                            "coverage": 50.5,
                            "assembler": "metaspades",
                            "assembler_version": "3.15.5"
                        },
                        "test_sample_assembly_metadata.csv:md5,0ad41b6b4e778fb03fc224bae9ba4529"
                    ]
                ],
                "1": [
                    [
                        "CREATE_ASSEMBLY_METADATA_CSV",
                        "bash",
                        "5.2.37(1)-release"
                    ]
                ],
                "csv": [
                    [
                        {
                            "id": "test_sample",
                            "run_accession": "ERR123456",
                            "coverage": 50.5,
                            "assembler": "metaspades",
                            "assembler_version": "3.15.5"
                        },
                        "test_sample_assembly_metadata.csv:md5,0ad41b6b4e778fb03fc224bae9ba4529"
                    ]
                ]
            }
        ],
        "timestamp": "2026-07-07T13:48:39.201846",
        "meta": {
            "nf-test": "0.9.5",
            "nextflow": "26.04.0"
        }
    },
    "test_create_assembly_metadata_csv - stub": {
        "content": [
            {
                "0": [
                    [
                        {
                            "id": "stub_sample",
                            "run_accession": "ERR999999",
                            "coverage": 75.0,
                            "assembler": "megahit",
                            "assembler_version": "1.2.9"
                        },
                        "stub_sample_assembly_metadata.csv:md5,d41d8cd98f00b204e9800998ecf8427e"
                    ]
                ],
                "1": [
                    [
                        "CREATE_ASSEMBLY_METADATA_CSV",
                        "bash",
                        "5.2.37(1)-release"
                    ]
                ],
                "csv": [
                    [
                        {
                            "id": "stub_sample",
                            "run_accession": "ERR999999",
                            "coverage": 75.0,
                            "assembler": "megahit",
                            "assembler_version": "1.2.9"
                        },
                        "stub_sample_assembly_metadata.csv:md5,d41d8cd98f00b204e9800998ecf8427e"
                    ]
                ]
            }
        ],
        "timestamp": "2026-07-07T13:48:46.340926",
        "meta": {
            "nf-test": "0.9.5",
            "nextflow": "26.04.0"
        }
    }
}