{
    "GENERATE_ASSEMBLY_MANIFEST completes with expected outputs - stub": {
        "content": [
            {
                "0": [
                    [
                        {
                            "id": "test"
                        },
                        "test.manifest:md5,d41d8cd98f00b204e9800998ecf8427e"
                    ]
                ],
                "1": [
                    "versions.yml:md5,0664035de44b4d88c1a70a357c1a24f2"
                ],
                "manifest": [
                    [
                        {
                            "id": "test"
                        },
                        "test.manifest:md5,d41d8cd98f00b204e9800998ecf8427e"
                    ]
                ],
                "versions": [
                    "versions.yml:md5,0664035de44b4d88c1a70a357c1a24f2"
                ]
            },
            {
                "GENERATE_ASSEMBLY_MANIFEST": {
                    "assembly_uploader": "assembly_uploader 1.3.4"
                }
            }
        ],
        "timestamp": "2026-03-12T13:52:01.267817",
        "meta": {
            "nf-test": "0.9.4",
            "nextflow": "25.10.4"
        }
    },
    "GENERATE_ASSEMBLY_MANIFEST completes with expected outputs": {
        "content": [
            {
                "0": [
                    [
                        {
                            "id": "test"
                        },
                        "233126d4c4d0.manifest:md5,8387c0e6c123313259db613612c09dce"
                    ]
                ],
                "1": [
                    "versions.yml:md5,0664035de44b4d88c1a70a357c1a24f2"
                ],
                "manifest": [
                    [
                        {
                            "id": "test"
                        },
                        "233126d4c4d0.manifest:md5,8387c0e6c123313259db613612c09dce"
                    ]
                ],
                "versions": [
                    "versions.yml:md5,0664035de44b4d88c1a70a357c1a24f2"
                ]
            },
            {
                "GENERATE_ASSEMBLY_MANIFEST": {
                    "assembly_uploader": "assembly_uploader 1.3.4"
                }
            }
        ],
        "timestamp": "2026-03-12T13:51:56.121365",
        "meta": {
            "nf-test": "0.9.4",
            "nextflow": "25.10.4"
        }
    }
}