{
    "GENERATE_ASSEMBLY_MANIFEST completes with expected outputs - stub": {
        "content": [
            {
                "0": [
                    [
                        {
                            "id": "test"
                        },
                        "test.manifest:md5,d41d8cd98f00b204e9800998ecf8427e"
                    ]
                ],
                "1": [
                    "versions.yml:md5,5f33d074e4f7f7ddf4b3865973cb9157"
                ],
                "manifest": [
                    [
                        {
                            "id": "test"
                        },
                        "test.manifest:md5,d41d8cd98f00b204e9800998ecf8427e"
                    ]
                ],
                "versions": [
                    "versions.yml:md5,5f33d074e4f7f7ddf4b3865973cb9157"
                ]
            },
            {
                "GENERATE_ASSEMBLY_MANIFEST": {
                    "assembly_uploader": "1.3.5"
                }
            }
        ],
        "timestamp": "2026-06-25T22:01:14.155809",
        "meta": {
            "nf-test": "0.9.5",
            "nextflow": "26.04.0"
        }
    },
    "GENERATE_ASSEMBLY_MANIFEST completes with expected outputs": {
        "content": [
            {
                "GENERATE_ASSEMBLY_MANIFEST": {
                    "assembly_uploader": "1.3.5"
                }
            }
        ],
        "timestamp": "2026-06-25T22:01:06.448406",
        "meta": {
            "nf-test": "0.9.5",
            "nextflow": "26.04.0"
        }
    }
}