{
    "GENERATE_ASSEMBLY_MANIFEST completes with expected outputs - stub": {
        "content": [
            {
                "0": [
                    [
                        {
                            "id": "test"
                        },
                        "test.manifest:md5,d41d8cd98f00b204e9800998ecf8427e"
                    ]
                ],
                "1": [
                    "versions.yml:md5,86772cb06086a42af60796d7570b30b8"
                ],
                "manifest": [
                    [
                        {
                            "id": "test"
                        },
                        "test.manifest:md5,d41d8cd98f00b204e9800998ecf8427e"
                    ]
                ],
                "versions": [
                    "versions.yml:md5,86772cb06086a42af60796d7570b30b8"
                ]
            },
            {
                "GENERATE_ASSEMBLY_MANIFEST": {
                    "assembly_uploader": "1.3.4"
                }
            }
        ],
        "meta": {
            "nf-test": "0.9.0",
            "nextflow": "25.04.1"
        },
        "timestamp": "2026-03-25T16:53:50.281438"
    },
    "GENERATE_ASSEMBLY_MANIFEST completes with expected outputs": {
        "content": [
            {
                "GENERATE_ASSEMBLY_MANIFEST": {
                    "assembly_uploader": "1.3.4"
                }
            }
        ],
        "meta": {
            "nf-test": "0.9.0",
            "nextflow": "25.04.1"
        },
        "timestamp": "2026-03-25T17:34:01.598736"
    }
}