{
    "ENA_WEBIN_CLI_DOWNLOAD - stub": {
        "content": [
            {
                "0": [
                    "webin-cli-stub.jar:md5,d41d8cd98f00b204e9800998ecf8427e"
                ],
                "webin_cli_jar": [
                    "webin-cli-stub.jar:md5,d41d8cd98f00b204e9800998ecf8427e"
                ]
            }
        ],
        "meta": {
            "nf-test": "0.9.0",
            "nextflow": "25.04.1"
        },
        "timestamp": "2026-03-25T16:02:51.004952"
    }
}