{
    "registerstudy - stub": {
        "content": [
            {
                "accessions": [
                    [
                        {
                            "id": "example_study"
                        },
                        "example_study_accessions.json:md5,83600b2fb33a560c25351dbd4a9bdba2"
                    ]
                ],
                "versions": [
                    "versions.yml:md5,ddcc758a7d28faecd4286941889ab7e1"
                ]
            }
        ],
        "timestamp": "2026-03-13T14:02:21.161445",
        "meta": {
            "nf-test": "0.9.4",
            "nextflow": "25.10.4"
        }
    }
}