{
    "registerstudy - stub": {
        "content": [
            {
                "accessions": [
                    [
                        {
                            "id": "example_study"
                        },
                        "example_study_accessions.json:md5,83600b2fb33a560c25351dbd4a9bdba2"
                    ]
                ],
                "versions": [
                    "versions.yml:md5,29d54944e57cbb7cb12b7605f13fd0fc"
                ]
            }
        ],
        "meta": {
            "nf-test": "0.9.0",
            "nextflow": "25.04.1"
        },
        "timestamp": "2026-03-25T10:54:18.30373"
    }
}