{
    "RENAME_FASTA_FOR_CATPACK - uncompressed fasta": {
        "content": [
            {
                "0": [
                    [
                        {
                            "id": "test"
                        },
                        "sarscov2.fasta:md5,6e9fe4042a72f2345f644f239272b7e6"
                    ]
                ],
                "1": [
                    [
                        "RENAME_FASTA_FOR_CATPACK",
                        "bash",
                        "5.2.37(1)-release"
                    ]
                ],
                "renamed_fasta": [
                    [
                        {
                            "id": "test"
                        },
                        "sarscov2.fasta:md5,6e9fe4042a72f2345f644f239272b7e6"
                    ]
                ]
            }
        ],
        "timestamp": "2026-06-25T22:18:23.130037",
        "meta": {
            "nf-test": "0.9.5",
            "nextflow": "26.04.0"
        }
    },
    "RENAME_FASTA_FOR_CATPACK - compressed fasta": {
        "content": [
            {
                "0": [
                    [
                        {
                            "id": "test_compressed"
                        },
                        "ecoli.fasta:md5,f958ab9c196608148e2863d87d64e28a"
                    ]
                ],
                "1": [
                    [
                        "RENAME_FASTA_FOR_CATPACK",
                        "bash",
                        "5.2.37(1)-release"
                    ]
                ],
                "renamed_fasta": [
                    [
                        {
                            "id": "test_compressed"
                        },
                        "ecoli.fasta:md5,f958ab9c196608148e2863d87d64e28a"
                    ]
                ]
            }
        ],
        "timestamp": "2026-06-25T22:18:30.449385",
        "meta": {
            "nf-test": "0.9.5",
            "nextflow": "26.04.0"
        }
    }
}