{
    "RENAME_FASTA_FOR_CATPACK - uncompressed fasta": {
        "content": [
            {
                "0": [
                    [
                        {
                            "id": "test"
                        },
                        "sarscov2.fasta:md5,6e9fe4042a72f2345f644f239272b7e6"
                    ]
                ],
                "renamed_fasta": [
                    [
                        {
                            "id": "test"
                        },
                        "sarscov2.fasta:md5,6e9fe4042a72f2345f644f239272b7e6"
                    ]
                ]
            }
        ],
        "timestamp": "2026-06-10T11:55:03.914764",
        "meta": {
            "nf-test": "0.9.5",
            "nextflow": "26.04.1"
        }
    },
    "RENAME_FASTA_FOR_CATPACK - compressed fasta": {
        "content": [
            {
                "0": [
                    [
                        {
                            "id": "test_compressed"
                        },
                        "ecoli.fasta:md5,f958ab9c196608148e2863d87d64e28a"
                    ]
                ],
                "renamed_fasta": [
                    [
                        {
                            "id": "test_compressed"
                        },
                        "ecoli.fasta:md5,f958ab9c196608148e2863d87d64e28a"
                    ]
                ]
            }
        ],
        "timestamp": "2026-06-10T11:55:08.127169",
        "meta": {
            "nf-test": "0.9.5",
            "nextflow": "26.04.1"
        }
    }
}